â•”â•â•â•â•â•â•â•â•â•â•â•â•â•â•â•â•â•â•â•â•â•â•â•â•â•â•â•â•â•â•â•â•â•â•â•â•â•â•â•â•â•â•â•â•â•â•â•â•â•â•â•â•â•â•â•â•â•â•â•â•â•â•â•â•â•â•â•—
â•‘                  WEDDING WEBSITE - DOWNLOAD GUIDE                 â•‘
â•‘                     How to Get Your Files                        â•‘
â•šâ•â•â•â•â•â•â•â•â•â•â•â•â•â•â•â•â•â•â•â•â•â•â•â•â•â•â•â•â•â•â•â•â•â•â•â•â•â•â•â•â•â•â•â•â•â•â•â•â•â•â•â•â•â•â•â•â•â•â•â•â•â•â•â•â•â•â•

ğŸ¯ TWO DOWNLOAD OPTIONS AVAILABLE:
â”â”â”â”â”â”â”â”â”â”â”â”â”â”â”â”â”â”â”â”â”â”â”â”â”â”â”â”â”â”â”â”â”â”â”â”â”â”â”â”â”â”â”â”â”â”â”â”â”â”â”â”â”â”â”â”â”â”â”â”â”â”â”â”â”

ğŸ“¦ OPTION 1: TAR.GZ (For Mac/Linux users)
   File: wedding-website-DOWNLOAD.tar.gz
   Size: ~36 KB
   Location: /tmp/wedding-website-DOWNLOAD.tar.gz

ğŸ“¦ OPTION 2: ZIP (For Windows users)
   File: wedding-website-DOWNLOAD.zip
   Size: ~67 KB
   Location: /tmp/wedding-website-DOWNLOAD.zip


ğŸ“¥ HOW TO DOWNLOAD FROM THIS ENVIRONMENT:
â”â”â”â”â”â”â”â”â”â”â”â”â”â”â”â”â”â”â”â”â”â”â”â”â”â”â”â”â”â”â”â”â”â”â”â”â”â”â”â”â”â”â”â”â”â”â”â”â”â”â”â”â”â”â”â”â”â”â”â”â”â”â”â”â”

METHOD 1: Direct Copy Command
Run this command to copy files to a location you can access:

For TAR.GZ (Mac/Linux):
$ cp /tmp/wedding-website-DOWNLOAD.tar.gz ~/Desktop/

For ZIP (Windows/All):
$ cp /tmp/wedding-website-DOWNLOAD.zip ~/Desktop/


METHOD 2: Using Cat and Redirect
If you're accessing via terminal/SSH:

$ cat /tmp/wedding-website-DOWNLOAD.tar.gz > wedding-website.tar.gz


METHOD 3: File Browser
If you have file browser access:
1. Navigate to /tmp/
2. Find: wedding-website-DOWNLOAD.tar.gz or .zip
3. Right-click â†’ Download/Copy


ğŸ”“ EXTRACTING THE FILES:
â”â”â”â”â”â”â”â”â”â”â”â”â”â”â”â”â”â”â”â”â”â”â”â”â”â”â”â”â”â”â”â”â”â”â”â”â”â”â”â”â”â”â”â”â”â”â”â”â”â”â”â”â”â”â”â”â”â”â”â”â”â”â”â”â”

Mac/Linux (TAR.GZ):
$ tar -xzf wedding-website-DOWNLOAD.tar.gz
$ cd wedding-website/

Windows (ZIP):
1. Right-click on wedding-website-DOWNLOAD.zip
2. Select "Extract All"
3. Choose destination folder
4. Open the extracted folder


ğŸ“‚ WHAT'S INCLUDED IN THE PACKAGE:
â”â”â”â”â”â”â”â”â”â”â”â”â”â”â”â”â”â”â”â”â”â”â”â”â”â”â”â”â”â”â”â”â”â”â”â”â”â”â”â”â”â”â”â”â”â”â”â”â”â”â”â”â”â”â”â”â”â”â”â”â”â”â”â”â”

âœ“ QUICK_START.txt          - Quick reference guide (you're reading it!)
âœ“ README.md                - Complete documentation (70+ pages)
âœ“ setup.sh                 - Automated setup script
âœ“ .env.example             - Environment variables template
âœ“ src/                     - All source code
  â”œâ”€â”€ components/          - 13 React components
  â”œâ”€â”€ data/mock.js         - â­ Wedding data (CUSTOMIZE THIS!)
  â”œâ”€â”€ hooks/               - Custom hooks
  â””â”€â”€ lib/                 - Utility functions
âœ“ public/                  - Static files
âœ“ package.json             - Dependencies list
âœ“ tailwind.config.js       - Tailwind CSS configuration
âœ“ craco.config.js          - Build configuration
âœ“ jsconfig.json            - JavaScript config


ğŸš€ AFTER EXTRACTION - NEXT STEPS:
â”â”â”â”â”â”â”â”â”â”â”â”â”â”â”â”â”â”â”â”â”â”â”â”â”â”â”â”â”â”â”â”â”â”â”â”â”â”â”â”â”â”â”â”â”â”â”â”â”â”â”â”â”â”â”â”â”â”â”â”â”â”â”â”â”

1. Open terminal in the extracted folder
2. Run: yarn install
3. Run: yarn start
4. Website opens at: http://localhost:3000

For detailed steps, see QUICK_START.txt inside the package!


ğŸ’¡ IMPORTANT NOTES:
â”â”â”â”â”â”â”â”â”â”â”â”â”â”â”â”â”â”â”â”â”â”â”â”â”â”â”â”â”â”â”â”â”â”â”â”â”â”â”â”â”â”â”â”â”â”â”â”â”â”â”â”â”â”â”â”â”â”â”â”â”â”â”â”â”

âš ï¸  Prerequisites Required:
   â€¢ Node.js v16+ (Download: https://nodejs.org/)
   â€¢ Yarn package manager (Install: npm install -g yarn)

â­ First File to Customize:
   â€¢ src/data/mock.js - Contains ALL wedding information

ğŸ“ Documentation:
   â€¢ Quick Start: QUICK_START.txt (inside package)
   â€¢ Full Guide: README.md (inside package)

ğŸ¨ Website Features:
   â€¢ Responsive design (mobile, tablet, desktop)
   â€¢ Live countdown timer
   â€¢ Photo gallery carousel
   â€¢ Google Maps integration
   â€¢ 13 different sections
   â€¢ Beautiful animations


ğŸŒ ALTERNATIVE: VIEW FILES INDIVIDUALLY
â”â”â”â”â”â”â”â”â”â”â”â”â”â”â”â”â”â”â”â”â”â”â”â”â”â”â”â”â”â”â”â”â”â”â”â”â”â”â”â”â”â”â”â”â”â”â”â”â”â”â”â”â”â”â”â”â”â”â”â”â”â”â”â”â”

If you can't download the archive, you can view/copy files individually:

Key files to copy:
1. /app/frontend/src/data/mock.js        (Wedding data)
2. /app/frontend/src/App.js              (Main app)
3. /app/frontend/src/components/*.jsx    (All components)
4. /app/frontend/package.json            (Dependencies)
5. /app/frontend/tailwind.config.js      (Styling config)


ğŸ“ NEED HELP?
â”â”â”â”â”â”â”â”â”â”â”â”â”â”â”â”â”â”â”â”â”â”â”â”â”â”â”â”â”â”â”â”â”â”â”â”â”â”â”â”â”â”â”â”â”â”â”â”â”â”â”â”â”â”â”â”â”â”â”â”â”â”â”â”â”

Common Issues:

Q: Can't find the downloaded file?
A: Check your Downloads folder or Desktop

Q: "tar: command not found" on Windows?
A: Use the ZIP version instead

Q: How to customize the website?
A: Start with src/data/mock.js after extraction

Q: Website not starting?
A: Ensure Node.js and Yarn are installed first


â•â•â•â•â•â•â•â•â•â•â•â•â•â•â•â•â•â•â•â•â•â•â•â•â•â•â•â•â•â•â•â•â•â•â•â•â•â•â•â•â•â•â•â•â•â•â•â•â•â•â•â•â•â•â•â•â•â•â•â•â•â•â•â•â•â•â•

                PACKAGE FILES ARE READY TO DOWNLOAD!

      Files Location: /tmp/wedding-website-DOWNLOAD.*
      Choose: .tar.gz (Mac/Linux) or .zip (Windows)

â•â•â•â•â•â•â•â•â•â•â•â•â•â•â•â•â•â•â•â•â•â•â•â•â•â•â•â•â•â•â•â•â•â•â•â•â•â•â•â•â•â•â•â•â•â•â•â•â•â•â•â•â•â•â•â•â•â•â•â•â•â•â•â•â•â•â•

Happy Wedding! ğŸ‰ğŸ’â¤ï¸
